// Jest Snapshot v1, https://goo.gl/fbAQLP

exports[`Box should match the snapshot 1`] = `
<div
  className="Box"
>
  <span
    className="Box--id"
  >
    1
  </span>
</div>
`;
