// Jest Snapshot v1, https://goo.gl/fbAQLP

exports[`Buttons should match the snapshot when is showStartButton is false 1`] = `
<footer
  className="footer"
>
  <div>
    <button
      className="footer--btn"
      onClick={[MockFunction]}
    >
      start
    </button>
  </div>
</footer>
`;
